// Jest Snapshot v1, https://goo.gl/fbAQLP

exports[`Image[Base] should render with src 1`] = `null`;
